ok_checksums/file001.bin: OK
ok_checksums/file002.bin: OK
ok_checksums/file003.bin: OK
ok_checksums/file004.bin: OK
ok_checksums/file005.bin: OK
